Last login: Mon Oct 14 15:51:39 2024 from 18.206.107.27
ubuntu@ip-172-31-93-95:~$ sudo su -
root@ip-172-31-93-95:~# apt update -y
Hit:1 http://us-east-1.ec2.archive.ubuntu.com/ubuntu noble InRelease
Get:2 http://us-east-1.ec2.archive.ubuntu.com/ubuntu noble-updates InRelease [126 kB]
Hit:3 http://us-east-1.ec2.archive.ubuntu.com/ubuntu noble-backports InRelease
Hit:4 http://security.ubuntu.com/ubuntu noble-security InRelease             
Get:5 http://us-east-1.ec2.archive.ubuntu.com/ubuntu noble-updates/universe amd64 Packages [421 kB]
Get:6 http://us-east-1.ec2.archive.ubuntu.com/ubuntu noble-updates/universe Translation-en [176 kB]
Get:7 http://us-east-1.ec2.archive.ubuntu.com/ubuntu noble-updates/universe amd64 c-n-f Metadata [16.5 kB]
Get:8 http://us-east-1.ec2.archive.ubuntu.com/ubuntu noble-updates/multiverse amd64 Packages [14.8 kB]
Get:9 http://us-east-1.ec2.archive.ubuntu.com/ubuntu noble-updates/multiverse Translation-en [3820 B]
Get:10 http://us-east-1.ec2.archive.ubuntu.com/ubuntu noble-updates/multiverse amd64 c-n-f Metadata [552 B]
Fetched 759 kB in 0s (2277 kB/s)
Reading package lists... Done
Building dependency tree... Done
Reading state information... Done
12 packages can be upgraded. Run 'apt list --upgradable' to see them.
root@ip-172-31-93-95:~# apt install openjdk-11-jre
Reading package lists... Done
Building dependency tree... Done
Reading state information... Done
openjdk-11-jre is already the newest version (11.0.24+8-1ubuntu3~24.04.1).
0 upgraded, 0 newly installed, 0 to remove and 12 not upgraded.
root@ip-172-31-93-95:~# apt install unzip
Reading package lists... Done
Building dependency tree... Done
Reading state information... Done
unzip is already the newest version (6.0-28ubuntu4.1).
0 upgraded, 0 newly installed, 0 to remove and 12 not upgraded.
root@ip-172-31-93-95:~# adduser sonar
fatal: The user `sonar' already exists.
root@ip-172-31-93-95:~# 
root@ip-172-31-93-95:~# su - sonar
sonar@ip-172-31-93-95:~$ pwd
/home/sonar
sonar@ip-172-31-93-95:~$ wget https://binaries.sonarsource.com/Distribution/sonarqube/sonarqube-9.4.0.54424.zip
--2024-10-15 03:58:50--  https://binaries.sonarsource.com/Distribution/sonarqube/sonarqube-9.4.0.54424.zip
Resolving binaries.sonarsource.com (binaries.sonarsource.com)... 99.84.191.23, 99.84.191.71, 99.84.191.75, ...
Connecting to binaries.sonarsource.com (binaries.sonarsource.com)|99.84.191.23|:443... connected.
HTTP request sent, awaiting response... 200 OK
Length: 287666040 (274M) [binary/octet-stream]
Saving to: ‘sonarqube-9.4.0.54424.zip.1’

sonarqube-9.4.0.54424.zip.1      100%[=========================================================>] 274.34M   116MB/s    in 2.4s    

2024-10-15 03:58:52 (116 MB/s) - ‘sonarqube-9.4.0.54424.zip.1’ saved [287666040/287666040]

sonar@ip-172-31-93-95:~$ ll
total 561872
drwxr-x--- 2 sonar sonar      4096 Oct 15 03:58 ./
drwxr-xr-x 4 root  root       4096 Oct 14 16:09 ../
-rw------- 1 sonar sonar        94 Oct 14 16:14 .bash_history
-rw-r--r-- 1 sonar sonar       220 Oct 14 16:09 .bash_logout
-rw-r--r-- 1 sonar sonar      3771 Oct 14 16:09 .bashrc
-rw-r--r-- 1 sonar sonar       807 Oct 14 16:09 .profile
-rw-rw-r-- 1 sonar sonar 287666040 Apr  1  2022 sonarqube-9.4.0.54424.zip
-rw-rw-r-- 1 sonar sonar 287666040 Apr  1  2022 sonarqube-9.4.0.54424.zip.1
sonar@ip-172-31-93-95:~$ unzip  sonarqube-9.4.0.54424.zip
Archive:  sonarqube-9.4.0.54424.zip
   creating: sonarqube-9.4.0.54424/
  inflating: sonarqube-9.4.0.54424/dependency-license.json  
   creating: sonarqube-9.4.0.54424/bin/
   creating: sonarqube-9.4.0.54424/bin/jsw-license/
  inflating: sonarqube-9.4.0.54424/bin/jsw-license/LICENSE.txt  
   creating: sonarqube-9.4.0.54424/bin/macosx-universal-64/
   creating: sonarqube-9.4.0.54424/bin/macosx-universal-64/lib/
  inflating: sonarqube-9.4.0.54424/bin/macosx-universal-64/lib/libwrapper.jnilib  
  inflating: sonarqube-9.4.0.54424/bin/macosx-universal-64/sonar.sh  
  inflating: sonarqube-9.4.0.54424/bin/macosx-universal-64/wrapper  
   creating: sonarqube-9.4.0.54424/bin/linux-x86-64/
   creating: sonarqube-9.4.0.54424/bin/linux-x86-64/lib/
  inflating: sonarqube-9.4.0.54424/bin/linux-x86-64/lib/libwrapper.so  
  inflating: sonarqube-9.4.0.54424/bin/linux-x86-64/sonar.sh  
  inflating: sonarqube-9.4.0.54424/bin/linux-x86-64/wrapper  
   creating: sonarqube-9.4.0.54424/bin/windows-x86-64/
  inflating: sonarqube-9.4.0.54424/bin/windows-x86-64/StartNTService.bat  
  inflating: sonarqube-9.4.0.54424/bin/windows-x86-64/StartSonar.bat  
   creating: sonarqube-9.4.0.54424/bin/windows-x86-64/lib/
  inflating: sonarqube-9.4.0.54424/bin/windows-x86-64/lib/wrapper.dll  
  inflating: sonarqube-9.4.0.54424/bin/windows-x86-64/StopNTService.bat  
  inflating: sonarqube-9.4.0.54424/bin/windows-x86-64/wrapper.exe  
   creating: sonarqube-9.4.0.54424/data/
  inflating: sonarqube-9.4.0.54424/data/README.txt  
  inflating: sonarqube-9.4.0.54424/COPYING  
   creating: sonarqube-9.4.0.54424/temp/
  inflating: sonarqube-9.4.0.54424/temp/README.txt  
   creating: sonarqube-9.4.0.54424/logs/
  inflating: sonarqube-9.4.0.54424/logs/README.txt  
   creating: sonarqube-9.4.0.54424/extensions/
   creating: sonarqube-9.4.0.54424/extensions/plugins/
  inflating: sonarqube-9.4.0.54424/extensions/plugins/README.txt  
   creating: sonarqube-9.4.0.54424/extensions/jdbc-driver/
   creating: sonarqube-9.4.0.54424/extensions/jdbc-driver/oracle/
  inflating: sonarqube-9.4.0.54424/extensions/jdbc-driver/oracle/README.txt  
   creating: sonarqube-9.4.0.54424/elasticsearch/
   creating: sonarqube-9.4.0.54424/elasticsearch/lib/
  inflating: sonarqube-9.4.0.54424/elasticsearch/lib/elasticsearch-7.17.1.jar  
  inflating: sonarqube-9.4.0.54424/elasticsearch/lib/java-version-checker-7.17.1.jar  
  inflating: sonarqube-9.4.0.54424/elasticsearch/lib/elasticsearch-launchers-7.17.1.jar  
  inflating: sonarqube-9.4.0.54424/elasticsearch/lib/elasticsearch-x-content-7.17.1.jar  
  inflating: sonarqube-9.4.0.54424/elasticsearch/lib/elasticsearch-lz4-7.17.1.jar  
  inflating: sonarqube-9.4.0.54424/elasticsearch/lib/elasticsearch-cli-7.17.1.jar  
  inflating: sonarqube-9.4.0.54424/elasticsearch/lib/elasticsearch-core-7.17.1.jar  
  inflating: sonarqube-9.4.0.54424/elasticsearch/lib/elasticsearch-secure-sm-7.17.1.jar  
  inflating: sonarqube-9.4.0.54424/elasticsearch/lib/elasticsearch-geo-7.17.1.jar  
  inflating: sonarqube-9.4.0.54424/elasticsearch/lib/lucene-core-8.11.1.jar  
  inflating: sonarqube-9.4.0.54424/elasticsearch/lib/lucene-analyzers-common-8.11.1.jar  
  inflating: sonarqube-9.4.0.54424/elasticsearch/lib/lucene-backward-codecs-8.11.1.jar  
  inflating: sonarqube-9.4.0.54424/elasticsearch/lib/lucene-grouping-8.11.1.jar  
  inflating: sonarqube-9.4.0.54424/elasticsearch/lib/lucene-highlighter-8.11.1.jar  
  inflating: sonarqube-9.4.0.54424/elasticsearch/lib/lucene-join-8.11.1.jar  
  inflating: sonarqube-9.4.0.54424/elasticsearch/lib/lucene-memory-8.11.1.jar  
  inflating: sonarqube-9.4.0.54424/elasticsearch/lib/lucene-misc-8.11.1.jar  
  inflating: sonarqube-9.4.0.54424/elasticsearch/lib/lucene-queries-8.11.1.jar  
  inflating: sonarqube-9.4.0.54424/elasticsearch/lib/lucene-queryparser-8.11.1.jar  
  inflating: sonarqube-9.4.0.54424/elasticsearch/lib/lucene-sandbox-8.11.1.jar  
  inflating: sonarqube-9.4.0.54424/elasticsearch/lib/lucene-spatial3d-8.11.1.jar  
  inflating: sonarqube-9.4.0.54424/elasticsearch/lib/lucene-suggest-8.11.1.jar  
  inflating: sonarqube-9.4.0.54424/elasticsearch/lib/hppc-0.8.1.jar  
  inflating: sonarqube-9.4.0.54424/elasticsearch/lib/joda-time-2.10.10.jar  
  inflating: sonarqube-9.4.0.54424/elasticsearch/lib/t-digest-3.2.jar  
  inflating: sonarqube-9.4.0.54424/elasticsearch/lib/HdrHistogram-2.1.9.jar  
  inflating: sonarqube-9.4.0.54424/elasticsearch/lib/log4j-api-2.17.1.jar  
  inflating: sonarqube-9.4.0.54424/elasticsearch/lib/elasticsearch-log4j-7.17.1.jar  
  inflating: sonarqube-9.4.0.54424/elasticsearch/lib/jna-5.10.0.jar  
  inflating: sonarqube-9.4.0.54424/elasticsearch/lib/elasticsearch-plugin-classloader-7.17.1.jar  
  inflating: sonarqube-9.4.0.54424/elasticsearch/lib/snakeyaml-1.26.jar  
  inflating: sonarqube-9.4.0.54424/elasticsearch/lib/jackson-core-2.10.4.jar  
  inflating: sonarqube-9.4.0.54424/elasticsearch/lib/jackson-dataformat-smile-2.10.4.jar  
  inflating: sonarqube-9.4.0.54424/elasticsearch/lib/jackson-dataformat-yaml-2.10.4.jar  
  inflating: sonarqube-9.4.0.54424/elasticsearch/lib/jackson-dataformat-cbor-2.10.4.jar  
  inflating: sonarqube-9.4.0.54424/elasticsearch/lib/lz4-java-1.8.0.jar  
  inflating: sonarqube-9.4.0.54424/elasticsearch/lib/jopt-simple-5.0.2.jar  
   creating: sonarqube-9.4.0.54424/elasticsearch/config/
  inflating: sonarqube-9.4.0.54424/elasticsearch/config/log4j2.properties  
  inflating: sonarqube-9.4.0.54424/elasticsearch/config/users  
  inflating: sonarqube-9.4.0.54424/elasticsearch/config/role_mapping.yml  
  inflating: sonarqube-9.4.0.54424/elasticsearch/config/users_roles  
  inflating: sonarqube-9.4.0.54424/elasticsearch/config/roles.yml  
  inflating: sonarqube-9.4.0.54424/elasticsearch/config/elasticsearch.yml  
  inflating: sonarqube-9.4.0.54424/elasticsearch/config/elasticsearch-plugins.example.yml  
  inflating: sonarqube-9.4.0.54424/elasticsearch/config/jvm.options  
   creating: sonarqube-9.4.0.54424/elasticsearch/bin/
  inflating: sonarqube-9.4.0.54424/elasticsearch/bin/elasticsearch-env  
  inflating: sonarqube-9.4.0.54424/elasticsearch/bin/elasticsearch-env-from-file  
  inflating: sonarqube-9.4.0.54424/elasticsearch/README.asciidoc  
  inflating: sonarqube-9.4.0.54424/elasticsearch/LICENSE.txt  
  inflating: sonarqube-9.4.0.54424/elasticsearch/NOTICE.txt  
   creating: sonarqube-9.4.0.54424/elasticsearch/modules/
   creating: sonarqube-9.4.0.54424/elasticsearch/modules/transport-netty4/
  inflating: sonarqube-9.4.0.54424/elasticsearch/modules/transport-netty4/transport-netty4-client-7.17.1.jar  
  inflating: sonarqube-9.4.0.54424/elasticsearch/modules/transport-netty4/plugin-security.policy  
  inflating: sonarqube-9.4.0.54424/elasticsearch/modules/transport-netty4/netty-codec-http-4.1.66.Final.jar  
  inflating: sonarqube-9.4.0.54424/elasticsearch/modules/transport-netty4/netty-common-4.1.66.Final.jar  
  inflating: sonarqube-9.4.0.54424/elasticsearch/modules/transport-netty4/netty-buffer-4.1.66.Final.jar  
  inflating: sonarqube-9.4.0.54424/elasticsearch/modules/transport-netty4/netty-transport-4.1.66.Final.jar  
  inflating: sonarqube-9.4.0.54424/elasticsearch/modules/transport-netty4/plugin-descriptor.properties  
  inflating: sonarqube-9.4.0.54424/elasticsearch/modules/transport-netty4/netty-handler-4.1.66.Final.jar  
  inflating: sonarqube-9.4.0.54424/elasticsearch/modules/transport-netty4/netty-codec-4.1.66.Final.jar  
  inflating: sonarqube-9.4.0.54424/elasticsearch/modules/transport-netty4/netty-resolver-4.1.66.Final.jar  
   creating: sonarqube-9.4.0.54424/elasticsearch/modules/lang-painless/
  inflating: sonarqube-9.4.0.54424/elasticsearch/modules/lang-painless/plugin-security.policy  
  inflating: sonarqube-9.4.0.54424/elasticsearch/modules/lang-painless/asm-commons-7.2.jar  
  inflating: sonarqube-9.4.0.54424/elasticsearch/modules/lang-painless/asm-analysis-7.2.jar  
  inflating: sonarqube-9.4.0.54424/elasticsearch/modules/lang-painless/asm-7.2.jar  
  inflating: sonarqube-9.4.0.54424/elasticsearch/modules/lang-painless/plugin-descriptor.properties  
  inflating: sonarqube-9.4.0.54424/elasticsearch/modules/lang-painless/lang-painless-7.17.1.jar  
   creating: sonarqube-9.4.0.54424/elasticsearch/modules/lang-painless/spi/
  inflating: sonarqube-9.4.0.54424/elasticsearch/modules/lang-painless/spi/elasticsearch-scripting-painless-spi-7.17.1.jar  
  inflating: sonarqube-9.4.0.54424/elasticsearch/modules/lang-painless/asm-util-7.2.jar  
  inflating: sonarqube-9.4.0.54424/elasticsearch/modules/lang-painless/asm-tree-7.2.jar  
  inflating: sonarqube-9.4.0.54424/elasticsearch/modules/lang-painless/antlr4-runtime-4.5.3.jar  
   creating: sonarqube-9.4.0.54424/elasticsearch/modules/parent-join/
  inflating: sonarqube-9.4.0.54424/elasticsearch/modules/parent-join/parent-join-client-7.17.1.jar  
  inflating: sonarqube-9.4.0.54424/elasticsearch/modules/parent-join/plugin-descriptor.properties  
   creating: sonarqube-9.4.0.54424/elasticsearch/modules/analysis-common/
  inflating: sonarqube-9.4.0.54424/elasticsearch/modules/analysis-common/analysis-common-7.17.1.jar  
  inflating: sonarqube-9.4.0.54424/elasticsearch/modules/analysis-common/plugin-descriptor.properties  
   creating: sonarqube-9.4.0.54424/elasticsearch/modules/reindex/
  inflating: sonarqube-9.4.0.54424/elasticsearch/modules/reindex/httpcore-nio-4.4.12.jar  
  inflating: sonarqube-9.4.0.54424/elasticsearch/modules/reindex/plugin-security.policy  
  inflating: sonarqube-9.4.0.54424/elasticsearch/modules/reindex/httpasyncclient-4.1.4.jar  
  inflating: sonarqube-9.4.0.54424/elasticsearch/modules/reindex/elasticsearch-ssl-config-7.17.1.jar  
  inflating: sonarqube-9.4.0.54424/elasticsearch/modules/reindex/commons-logging-1.1.3.jar  
  inflating: sonarqube-9.4.0.54424/elasticsearch/modules/reindex/reindex-client-7.17.1.jar  
  inflating: sonarqube-9.4.0.54424/elasticsearch/modules/reindex/plugin-descriptor.properties  
  inflating: sonarqube-9.4.0.54424/elasticsearch/modules/reindex/httpclient-4.5.10.jar  
  inflating: sonarqube-9.4.0.54424/elasticsearch/modules/reindex/commons-codec-1.11.jar  
  inflating: sonarqube-9.4.0.54424/elasticsearch/modules/reindex/httpcore-4.4.12.jar  
  inflating: sonarqube-9.4.0.54424/elasticsearch/modules/reindex/elasticsearch-rest-client-7.17.1.jar  
   creating: sonarqube-9.4.0.54424/conf/
  inflating: sonarqube-9.4.0.54424/conf/sonar.properties  
  inflating: sonarqube-9.4.0.54424/conf/wrapper.conf  
  inflating: sonarqube-9.4.0.54424/elasticsearch/bin/elasticsearch  
   creating: sonarqube-9.4.0.54424/lib/
   creating: sonarqube-9.4.0.54424/lib/extensions/
  inflating: sonarqube-9.4.0.54424/lib/extensions/sonar-csharp-plugin-8.36.1.44192.jar  
  inflating: sonarqube-9.4.0.54424/lib/extensions/sonar-vbnet-plugin-8.36.1.44192.jar  
  inflating: sonarqube-9.4.0.54424/lib/extensions/sonar-flex-plugin-2.7.0.2865.jar  
  inflating: sonarqube-9.4.0.54424/lib/extensions/sonar-html-plugin-3.6.0.3106.jar  
  inflating: sonarqube-9.4.0.54424/lib/extensions/sonar-java-plugin-7.11.0.29148.jar  
  inflating: sonarqube-9.4.0.54424/lib/extensions/sonar-jacoco-plugin-1.1.1.1157.jar  
  inflating: sonarqube-9.4.0.54424/lib/extensions/sonar-javascript-plugin-9.1.0.17747.jar  
  inflating: sonarqube-9.4.0.54424/lib/extensions/sonar-php-plugin-3.23.1.8766.jar  
  inflating: sonarqube-9.4.0.54424/lib/extensions/sonar-python-plugin-3.12.0.9583.jar  
  inflating: sonarqube-9.4.0.54424/lib/extensions/sonar-go-plugin-1.9.0.3429.jar  
  inflating: sonarqube-9.4.0.54424/lib/extensions/sonar-kotlin-plugin-2.9.0.1147.jar  
  inflating: sonarqube-9.4.0.54424/lib/extensions/sonar-ruby-plugin-1.9.0.3429.jar  
  inflating: sonarqube-9.4.0.54424/lib/extensions/sonar-scala-plugin-1.9.0.3429.jar  
  inflating: sonarqube-9.4.0.54424/lib/extensions/sonar-xml-plugin-2.5.0.3376.jar  
  inflating: sonarqube-9.4.0.54424/lib/extensions/sonar-config-plugin-1.2.0.267.jar  
  inflating: sonarqube-9.4.0.54424/lib/extensions/sonar-iac-plugin-1.7.0.2012.jar  
  inflating: sonarqube-9.4.0.54424/lib/extensions/sonar-text-plugin-1.0.0.120.jar  
   creating: sonarqube-9.4.0.54424/lib/jsw/
  inflating: sonarqube-9.4.0.54424/lib/jsw/wrapper-3.2.3.jar  
   creating: sonarqube-9.4.0.54424/lib/scanner/
  inflating: sonarqube-9.4.0.54424/lib/scanner/sonar-scanner-engine-shaded-9.4.0.54424-all.jar  
  inflating: sonarqube-9.4.0.54424/lib/sonar-application-9.4.0.54424.jar  
   creating: sonarqube-9.4.0.54424/web/
   creating: sonarqube-9.4.0.54424/web/images/
  inflating: sonarqube-9.4.0.54424/web/images/logo.svg  
   creating: sonarqube-9.4.0.54424/web/WEB-INF/
   creating: sonarqube-9.4.0.54424/web/WEB-INF/classes/
   creating: sonarqube-9.4.0.54424/web/WEB-INF/classes/com/
   creating: sonarqube-9.4.0.54424/web/WEB-INF/classes/com/sonarsource/
  inflating: sonarqube-9.4.0.54424/web/WEB-INF/classes/com/sonarsource/branding  
   creating: sonarqube-9.4.0.54424/web/images/alm/
  inflating: sonarqube-9.4.0.54424/web/images/alm/azure.svg  
  inflating: sonarqube-9.4.0.54424/web/images/alm/bitbucket.svg  
  inflating: sonarqube-9.4.0.54424/web/images/alm/gitlab.svg  
  inflating: sonarqube-9.4.0.54424/web/images/alm/github.svg  
  inflating: sonarqube-9.4.0.54424/web/images/alm/github-white.svg  
  inflating: sonarqube-9.4.0.54424/web/images/alm/bitbucket-white.svg  
  inflating: sonarqube-9.4.0.54424/web/images/activity-chart.svg  
   creating: sonarqube-9.4.0.54424/web/images/tutorials/
  inflating: sonarqube-9.4.0.54424/web/images/tutorials/refresh.svg  
  inflating: sonarqube-9.4.0.54424/web/images/tutorials/azure-pipelines.svg  
  inflating: sonarqube-9.4.0.54424/web/images/tutorials/jenkins.svg  
  inflating: sonarqube-9.4.0.54424/web/images/tutorials/commit.svg  
  inflating: sonarqube-9.4.0.54424/web/images/tutorials/manual.svg  
  inflating: sonarqube-9.4.0.54424/web/images/tutorials/github-actions.svg  
  inflating: sonarqube-9.4.0.54424/web/images/source-code.svg  
  inflating: sonarqube-9.4.0.54424/web/images/filter-large.svg  
  inflating: sonarqube-9.4.0.54424/web/images/saml.png  
  inflating: sonarqube-9.4.0.54424/web/images/hotspot-large.svg  
  inflating: sonarqube-9.4.0.54424/web/images/loading.gif  
  inflating: sonarqube-9.4.0.54424/web/images/sq-sl.svg  
   creating: sonarqube-9.4.0.54424/web/images/embed-doc/
   creating: sonarqube-9.4.0.54424/web/images/embed-doc/images/
  inflating: sonarqube-9.4.0.54424/web/images/embed-doc/images/github-branch-decoration.png  
  inflating: sonarqube-9.4.0.54424/web/images/embed-doc/images/SQ-instance-components.png  
   creating: sonarqube-9.4.0.54424/web/images/embed-doc/images/alm/
  inflating: sonarqube-9.4.0.54424/web/images/embed-doc/images/alm/azure.svg  
  inflating: sonarqube-9.4.0.54424/web/images/embed-doc/images/alm/bitbucket.svg  
  inflating: sonarqube-9.4.0.54424/web/images/embed-doc/images/alm/gitlab.svg  
  inflating: sonarqube-9.4.0.54424/web/images/embed-doc/images/alm/github.svg  
  inflating: sonarqube-9.4.0.54424/web/images/embed-doc/images/add-bitbucket-project.png  
  inflating: sonarqube-9.4.0.54424/web/images/embed-doc/images/SonarQubeIcon.svg  
  inflating: sonarqube-9.4.0.54424/web/images/embed-doc/images/architecture-scanning.png  
  inflating: sonarqube-9.4.0.54424/web/images/embed-doc/images/close.svg  
  inflating: sonarqube-9.4.0.54424/web/images/embed-doc/images/exclusions.jpg  
  inflating: sonarqube-9.4.0.54424/web/images/embed-doc/images/open.svg  
  inflating: sonarqube-9.4.0.54424/web/images/embed-doc/images/rules-custom.png  
  inflating: sonarqube-9.4.0.54424/web/images/embed-doc/images/rule-templates.png  
  inflating: sonarqube-9.4.0.54424/web/images/embed-doc/images/executable-lines-python-exception.png  
  inflating: sonarqube-9.4.0.54424/web/images/embed-doc/images/gear.png  
  inflating: sonarqube-9.4.0.54424/web/images/embed-doc/images/long-lived-branch-concept.png  
  inflating: sonarqube-9.4.0.54424/web/images/embed-doc/images/sources.jpg  
  inflating: sonarqube-9.4.0.54424/web/images/embed-doc/images/version.png  
  inflating: sonarqube-9.4.0.54424/web/images/embed-doc/images/twitter.svg  
  inflating: sonarqube-9.4.0.54424/web/images/embed-doc/images/quality-gate-status.jpeg  
  inflating: sonarqube-9.4.0.54424/web/images/embed-doc/images/cluster-dce.png  
  inflating: sonarqube-9.4.0.54424/web/images/embed-doc/images/youtube.png  
  inflating: sonarqube-9.4.0.54424/web/images/embed-doc/images/support-information-file.png  
  inflating: sonarqube-9.4.0.54424/web/images/embed-doc/images/AzurePipelinesAnalysis.png  
  inflating: sonarqube-9.4.0.54424/web/images/embed-doc/images/visualizations.png  
  inflating: sonarqube-9.4.0.54424/web/images/embed-doc/images/backgroundTaskProcessingInProgress.jpeg  
  inflating: sonarqube-9.4.0.54424/web/images/embed-doc/images/add-github-project.png  
  inflating: sonarqube-9.4.0.54424/web/images/embed-doc/images/cross.svg  
  inflating: sonarqube-9.4.0.54424/web/images/embed-doc/images/astSample.png  
  inflating: sonarqube-9.4.0.54424/web/images/embed-doc/images/community.svg  
  inflating: sonarqube-9.4.0.54424/web/images/embed-doc/images/rule-template-details.png  
  inflating: sonarqube-9.4.0.54424/web/images/embed-doc/images/dev-cycle.png  
  inflating: sonarqube-9.4.0.54424/web/images/embed-doc/images/creatingportfoliosandapps.png  
  inflating: sonarqube-9.4.0.54424/web/images/embed-doc/images/http-header-authentication.png  
  inflating: sonarqube-9.4.0.54424/web/images/embed-doc/images/webapi.png  
  inflating: sonarqube-9.4.0.54424/web/images/embed-doc/images/info.svg  
  inflating: sonarqube-9.4.0.54424/web/images/embed-doc/images/add-gitlab-project.png  
  inflating: sonarqube-9.4.0.54424/web/images/embed-doc/images/newspaper.svg  
  inflating: sonarqube-9.4.0.54424/web/images/embed-doc/images/sonarqube-icon.png  
   creating: sonarqube-9.4.0.54424/web/images/embed-doc/images/alerts/
  inflating: sonarqube-9.4.0.54424/web/images/embed-doc/images/alerts/danger.svg  
  inflating: sonarqube-9.4.0.54424/web/images/embed-doc/images/alerts/info.svg  
  inflating: sonarqube-9.4.0.54424/web/images/embed-doc/images/alerts/wrong.svg  
  inflating: sonarqube-9.4.0.54424/web/images/embed-doc/images/backgroundTaskProcessingFailedIcon.jpeg  
  inflating: sonarqube-9.4.0.54424/web/images/embed-doc/images/activate_rule_compare1.png  
  inflating: sonarqube-9.4.0.54424/web/images/embed-doc/images/architecture-integrate.png  
  inflating: sonarqube-9.4.0.54424/web/images/embed-doc/images/commit-info-in-code-viewer.png  
   creating: sonarqube-9.4.0.54424/web/images/embed-doc/images/db-copy/
  inflating: sonarqube-9.4.0.54424/web/images/embed-doc/images/db-copy/summary-of-differences.png  
  inflating: sonarqube-9.4.0.54424/web/images/embed-doc/images/db-copy/missing-table-not-purged.png  
  inflating: sonarqube-9.4.0.54424/web/images/embed-doc/images/db-copy/search-tables.png  
  inflating: sonarqube-9.4.0.54424/web/images/embed-doc/images/db-copy/copy-errors-shown.png  
  inflating: sonarqube-9.4.0.54424/web/images/embed-doc/images/db-copy/verify-urls.png  
  inflating: sonarqube-9.4.0.54424/web/images/embed-doc/images/db-copy/missing-table-warning.png  
  inflating: sonarqube-9.4.0.54424/web/images/embed-doc/images/db-copy/verify-versions.png  
  inflating: sonarqube-9.4.0.54424/web/images/embed-doc/images/db-copy/version0-ok.png  
  inflating: sonarqube-9.4.0.54424/web/images/embed-doc/images/db-copy/missing-table-not-copied.png  
  inflating: sonarqube-9.4.0.54424/web/images/embed-doc/images/db-copy/truncate-tables.png  
  inflating: sonarqube-9.4.0.54424/web/images/embed-doc/images/db-copy/copy-data.png  
  inflating: sonarqube-9.4.0.54424/web/images/embed-doc/images/check.svg  
  inflating: sonarqube-9.4.0.54424/web/images/embed-doc/images/successfulproject.png  
  inflating: sonarqube-9.4.0.54424/web/images/embed-doc/images/pranalysis.png  
  inflating: sonarqube-9.4.0.54424/web/images/embed-doc/images/create_application.png  
  inflating: sonarqube-9.4.0.54424/web/images/embed-doc/images/add-ADO-project.png  
  inflating: sonarqube-9.4.0.54424/web/images/embed-doc/images/exclamation.svg  
  inflating: sonarqube-9.4.0.54424/web/images/embed-doc/images/inclusions.jpg  
  inflating: sonarqube-9.4.0.54424/web/images/embed-doc/images/sonarsource-icon.png  
  inflating: sonarqube-9.4.0.54424/web/images/embed-doc/images/encrypt-value.png  
  inflating: sonarqube-9.4.0.54424/web/images/embed-doc/images/short-lived-branch-concept.png  
  inflating: sonarqube-9.4.0.54424/web/images/embed-doc/sq-icon.svg  
  inflating: sonarqube-9.4.0.54424/web/images/embed-doc/twitter-icon.svg  
  inflating: sonarqube-9.4.0.54424/web/index.html  
  inflating: sonarqube-9.4.0.54424/web/.htaccess  
  inflating: sonarqube-9.4.0.54424/web/apple-touch-icon-76x76.png  
  inflating: sonarqube-9.4.0.54424/web/apple-touch-icon-144x144.png  
  inflating: sonarqube-9.4.0.54424/web/apple-touch-icon-120x120.png  
  inflating: sonarqube-9.4.0.54424/web/mstile-512x512.png  
  inflating: sonarqube-9.4.0.54424/web/apple-touch-icon-114x114.png  
  inflating: sonarqube-9.4.0.54424/web/WEB-INF/web.xml  
  inflating: sonarqube-9.4.0.54424/web/robots.txt  
  inflating: sonarqube-9.4.0.54424/web/apple-touch-icon-72x72.png  
  inflating: sonarqube-9.4.0.54424/web/apple-touch-icon.png  
  inflating: sonarqube-9.4.0.54424/web/apple-touch-icon-180x180.png  
   creating: sonarqube-9.4.0.54424/web/js/
  inflating: sonarqube-9.4.0.54424/web/js/out3HYJVQVO.css.map  
  inflating: sonarqube-9.4.0.54424/web/js/out3HYJVQVO.css  
  inflating: sonarqube-9.4.0.54424/web/js/outEG4XZBCS.js.map  
  inflating: sonarqube-9.4.0.54424/web/js/outEG4XZBCS.js  
  inflating: sonarqube-9.4.0.54424/web/apple-touch-icon-152x152.png  
  inflating: sonarqube-9.4.0.54424/web/favicon.ico  
  inflating: sonarqube-9.4.0.54424/web/apple-touch-icon-60x60.png  
  inflating: sonarqube-9.4.0.54424/web/apple-touch-icon-57x57.png  
  inflating: sonarqube-9.4.0.54424/web/apple-touch-icon-precomposed.png  
   creating: sonarqube-9.4.0.54424/lib/jdbc/
   creating: sonarqube-9.4.0.54424/lib/jdbc/mssql/
  inflating: sonarqube-9.4.0.54424/lib/jdbc/mssql/mssql-jdbc-9.4.1.jre11.jar  
   creating: sonarqube-9.4.0.54424/lib/jdbc/postgresql/
  inflating: sonarqube-9.4.0.54424/lib/jdbc/postgresql/postgresql-42.3.3.jar  
   creating: sonarqube-9.4.0.54424/lib/jdbc/h2/
  inflating: sonarqube-9.4.0.54424/lib/jdbc/h2/h2-2.1.210.jar  
  inflating: sonarqube-9.4.0.54424/lib/sonar-shutdowner-9.4.0.54424.jar  
   creating: sonarqube-9.4.0.54424/elasticsearch/plugins/
sonar@ip-172-31-93-95:~$ ll
total 561876
drwxr-x---  3 sonar sonar      4096 Oct 15 03:59 ./
drwxr-xr-x  4 root  root       4096 Oct 14 16:09 ../
-rw-------  1 sonar sonar        94 Oct 14 16:14 .bash_history
-rw-r--r--  1 sonar sonar       220 Oct 14 16:09 .bash_logout
-rw-r--r--  1 sonar sonar      3771 Oct 14 16:09 .bashrc
-rw-r--r--  1 sonar sonar       807 Oct 14 16:09 .profile
drwxr-xr-x 11 sonar sonar      4096 Apr  1  2022 sonarqube-9.4.0.54424/
-rw-rw-r--  1 sonar sonar 287666040 Apr  1  2022 sonarqube-9.4.0.54424.zip
-rw-rw-r--  1 sonar sonar 287666040 Apr  1  2022 sonarqube-9.4.0.54424.zip.1
sonar@ip-172-31-93-95:~$ cd sonarqube-9.4.0.54424/
sonar@ip-172-31-93-95:~/sonarqube-9.4.0.54424$ ll
total 100
drwxr-xr-x 11 sonar sonar  4096 Apr  1  2022 ./
drwxr-x---  3 sonar sonar  4096 Oct 15 03:59 ../
-rw-r--r--  1 sonar sonar  7651 Apr  1  2022 COPYING
drwxr-xr-x  6 sonar sonar  4096 Apr  1  2022 bin/
drwxr-xr-x  2 sonar sonar  4096 Apr  1  2022 conf/
drwxr-xr-x  2 sonar sonar  4096 Apr  1  2022 data/
-rw-r--r--  1 sonar sonar 46490 Apr  1  2022 dependency-license.json
drwxr-xr-x  7 sonar sonar  4096 Apr  1  2022 elasticsearch/
drwxr-xr-x  4 sonar sonar  4096 Apr  1  2022 extensions/
drwxr-xr-x  6 sonar sonar  4096 Apr  1  2022 lib/
drwxr-xr-x  2 sonar sonar  4096 Apr  1  2022 logs/
drwxr-xr-x  2 sonar sonar  4096 Apr  1  2022 temp/
drwxr-xr-x  5 sonar sonar  4096 Apr  1  2022 web/
sonar@ip-172-31-93-95:~/sonarqube-9.4.0.54424$ cd ..
sonar@ip-172-31-93-95:~$ chown -R sonar:sonar sonarqube-9.4.0.54424
sonar@ip-172-31-93-95:~$ chmod 777 sonarqube-9.4.0.54424 -R
sonar@ip-172-31-93-95:~$ ll
total 561876
drwxr-x---  3 sonar sonar      4096 Oct 15 03:59 ./
drwxr-xr-x  4 root  root       4096 Oct 14 16:09 ../
-rw-------  1 sonar sonar        94 Oct 14 16:14 .bash_history
-rw-r--r--  1 sonar sonar       220 Oct 14 16:09 .bash_logout
-rw-r--r--  1 sonar sonar      3771 Oct 14 16:09 .bashrc
-rw-r--r--  1 sonar sonar       807 Oct 14 16:09 .profile
drwxrwxrwx 11 sonar sonar      4096 Apr  1  2022 sonarqube-9.4.0.54424/
-rw-rw-r--  1 sonar sonar 287666040 Apr  1  2022 sonarqube-9.4.0.54424.zip
-rw-rw-r--  1 sonar sonar 287666040 Apr  1  2022 sonarqube-9.4.0.54424.zip.1
sonar@ip-172-31-93-95:~$ cd sonarqube-9.4.0.54424/
sonar@ip-172-31-93-95:~/sonarqube-9.4.0.54424$ ll
total 100
drwxrwxrwx 11 sonar sonar  4096 Apr  1  2022 ./
drwxr-x---  3 sonar sonar  4096 Oct 15 03:59 ../
-rwxrwxrwx  1 sonar sonar  7651 Apr  1  2022 COPYING*
drwxrwxrwx  6 sonar sonar  4096 Apr  1  2022 bin/
drwxrwxrwx  2 sonar sonar  4096 Apr  1  2022 conf/
drwxrwxrwx  2 sonar sonar  4096 Apr  1  2022 data/
-rwxrwxrwx  1 sonar sonar 46490 Apr  1  2022 dependency-license.json*
drwxrwxrwx  7 sonar sonar  4096 Apr  1  2022 elasticsearch/
drwxrwxrwx  4 sonar sonar  4096 Apr  1  2022 extensions/
drwxrwxrwx  6 sonar sonar  4096 Apr  1  2022 lib/
drwxrwxrwx  2 sonar sonar  4096 Apr  1  2022 logs/
drwxrwxrwx  2 sonar sonar  4096 Apr  1  2022 temp/
drwxrwxrwx  5 sonar sonar  4096 Apr  1  2022 web/
sonar@ip-172-31-93-95:~/sonarqube-9.4.0.54424$ cd bin 
sonar@ip-172-31-93-95:~/sonarqube-9.4.0.54424/bin$ ll
total 24
drwxrwxrwx  6 sonar sonar 4096 Apr  1  2022 ./
drwxrwxrwx 11 sonar sonar 4096 Apr  1  2022 ../
drwxrwxrwx  2 sonar sonar 4096 Apr  1  2022 jsw-license/
drwxrwxrwx  3 sonar sonar 4096 Apr  1  2022 linux-x86-64/
drwxrwxrwx  3 sonar sonar 4096 Apr  1  2022 macosx-universal-64/
drwxrwxrwx  3 sonar sonar 4096 Apr  1  2022 windows-x86-64/
sonar@ip-172-31-93-95:~/sonarqube-9.4.0.54424/bin$ cd linux-x86-64/
sonar@ip-172-31-93-95:~/sonarqube-9.4.0.54424/bin/linux-x86-64$ ll
total 144
drwxrwxrwx 3 sonar sonar   4096 Apr  1  2022 ./
drwxrwxrwx 6 sonar sonar   4096 Apr  1  2022 ../
drwxrwxrwx 2 sonar sonar   4096 Apr  1  2022 lib/
-rwxrwxrwx 1 sonar sonar  16393 Apr  1  2022 sonar.sh*
-rwxrwxrwx 1 sonar sonar 111027 Apr  1  2022 wrapper*
sonar@ip-172-31-93-95:~/sonarqube-9.4.0.54424/bin/linux-x86-64$ ./sonar.sh*
Usage: ./sonar.sh { console | start | stop | force-stop | restart | status | dump }
sonar@ip-172-31-93-95:~/sonarqube-9.4.0.54424/bin/linux-x86-64$ ./sonar.sh* start
Starting SonarQube...
Started SonarQube.
sonar@ip-172-31-93-95:~/sonarqube-9.4.0.54424/bin/linux-x86-64$ ./sonar.sh* status
SonarQube is running (6179).
sonar@ip-172-31-93-95:~/sonarqube-9.4.0.54424/bin/linux-x86-64$ ll
total 148
drwxrwxrwx 3 sonar sonar   4096 Oct 15 04:08 ./
drwxrwxrwx 6 sonar sonar   4096 Apr  1  2022 ../
-rw-r--r-- 1 sonar sonar      5 Oct 15 04:08 SonarQube.pid
drwxrwxrwx 2 sonar sonar   4096 Apr  1  2022 lib/
-rwxrwxrwx 1 sonar sonar  16393 Apr  1  2022 sonar.sh*
-rwxrwxrwx 1 sonar sonar 111027 Apr  1  2022 wrapper*
sonar@ip-172-31-93-95:~/sonarqube-9.4.0.54424/bin/linux-x86-64$ 
